Stream 65535:
  Accepted: 0 messages
  System Event: 2 messages
  Replaced: 0 messages
  Canceled: 0 messages
  Executed: 0 messages, 0 shares
Totals:
  Accepted: 0 messages
  System Event: 2 messages
  Replaced: 0 messages
  Canceled: 0 messages
  Executed: 0 messages, 0 shares
Num packets decoded: 4
Num empty packets: 0
