Stream 65535:
  Accepted: 0 messages
  System Event: 1 messages
  Replaced: 0 messages
  Canceled: 0 messages
  Executed: 0 messages, 0 shares

packets checked: 3
packets discarded: 0
